// Vitest Snapshot v1

exports[`basic conversion > js addon 1`] = `
"[1/5] Validating package.json...
[2/5] Resolving packages...
[3/5] Fetching packages...
[4/5] Linking dependencies...
[5/5] Building fresh packages...
success Saved lockfile.
ðŸŽ‰ Congratulations! Your addon is now formatted as a V2 addon!

Next steps:
 - customize the rollup.config.js to suit your needs
 - audit dependencies of both the new addon and test-app
 - run \`yarn install\`
 - run \`yarn run lint:fix\` in each workspace
 - test your addon \`cd test-app; yarn test\`
 - push up a branch, merge, release
 - party ðŸ¥³"
`;
